// Jest Snapshot v1, https://goo.gl/fbAQLP

exports[`matches snapshot 1`] = `
<li
  className="row"
>
  <span>
    caption
  </span>
  <span>
    text
  </span>
</li>
`;
