// Jest Snapshot v1, https://goo.gl/fbAQLP

exports[`matches snapshot 1`] = `
<p
  className="black-glow"
>
  Hello and welcome to the
  <b>
     CONCIERGE EVENT RESERVATION.
  </b>
  <br />
  Please enter the dates you would like to attend and the city you will be traveling from in the form below to book
  <br />
  <b>
    <i>
      an exclusive, all inclusive
    </i>
  </b>
  <br />
  trip to the event.
  <br />
  <br />
  <b>
    CONCIERGE
  </b>
   
  gives you the ultimate worry-free traveling experience, knowing all your needs will have been taken care of by
  <b>
     CONCIERGE.
  </b>
</p>
`;
